
Note: No compatibility mode selected!


Circuit: * inv_x1 -> rslatch.s x2 等価容量の較正

Doing analysis at TEMP = 25.000000 and TNOM = 27.000000

Using SPARSE 1.3 as Direct Linear Solver

Initial Transient Solution
--------------------------

Node                                   Voltage
----                                   -------
vdd                                          5
vss                                          0
src                                          0
a                                            0
net                                          5
nc0_q                              3.61428e-08
nc0_qb                             3.61428e-08
xl0.n7                                 1.27177
svh                                          5
xl0.n8                                 1.27177
nc1_q                              3.61428e-08
nc1_qb                             3.61428e-08
xl1.n7                                 1.27177
xl1.n8                                 1.27177
svl                                          0
vsvl#branch                                  0
vsvh#branch                                  0
vin#branch                                   0
vvss#branch                        6.94983e-11
vvdd#branch                       -6.94983e-11


No. of Data Rows : 15064

  Measurements for Transient Analysis

d                   =  1.05673e-09 targ=  1.01557e-07 trig=  1.00500e-07


Total analysis time (seconds) = 0.133703

Total elapsed time (seconds) = 0.147 

Total DRAM available = 65536.000 MB.
DRAM currently available = 2615.969 MB.
Maximum ngspice program size =   11.281 MB.
Current ngspice program size =   11.281 MB.

